{
    "-profile test": {
        "content": [
            {
                "CUSTOM_TX2GENE": {
                    "python": "3.10.4"
                },
                "FASTP": {
                    "fastp": "1.1.0"
                },
                "FASTQC": {
                    "fastqc": "0.12.1"
                },
                "GUNZIP": {
                    "gunzip": 1.13
                },
                "SALMON_INDEX": {
                    "salmon": "1.10.3"
                },
                "SALMON_QUANT": {
                    "salmon": "1.10.3"
                },
                "TXIMETA_TXIMPORT": {
                    "bioconductor-tximeta": "1.20.1"
                },
                "Workflow": {
                    "phronexis/bulkrnaseqde": "v1.0.0dev"
                }
            },
            [
                "custom",
                "custom/gtf.tx2gene.tsv",
                "fastp",
                "fastp/RAP1_IAA_30M_REP1.fastp.html",
                "fastp/RAP1_IAA_30M_REP1.fastp.json",
                "fastp/RAP1_IAA_30M_REP1.fastp.log",
                "fastp/RAP1_IAA_30M_REP1_R1.fastp.fastq.gz",
                "fastp/RAP1_IAA_30M_REP1_R2.fastp.fastq.gz",
                "fastp/WT_REP1.fastp.html",
                "fastp/WT_REP1.fastp.json",
                "fastp/WT_REP1.fastp.log",
                "fastp/WT_REP1_R1.fastp.fastq.gz",
                "fastp/WT_REP1_R2.fastp.fastq.gz",
                "fastp/WT_REP2.fastp.html",
                "fastp/WT_REP2.fastp.json",
                "fastp/WT_REP2.fastp.log",
                "fastp/WT_REP2_R1.fastp.fastq.gz",
                "fastp/WT_REP2_R2.fastp.fastq.gz",
                "fastqc",
                "fastqc/RAP1_IAA_30M_REP1_1_fastqc.html",
                "fastqc/RAP1_IAA_30M_REP1_1_fastqc.zip",
                "fastqc/RAP1_IAA_30M_REP1_2_fastqc.html",
                "fastqc/RAP1_IAA_30M_REP1_2_fastqc.zip",
                "fastqc/WT_REP1_1_fastqc.html",
                "fastqc/WT_REP1_1_fastqc.zip",
                "fastqc/WT_REP1_2_fastqc.html",
                "fastqc/WT_REP1_2_fastqc.zip",
                "fastqc/WT_REP2_1_fastqc.html",
                "fastqc/WT_REP2_1_fastqc.zip",
                "fastqc/WT_REP2_2_fastqc.html",
                "fastqc/WT_REP2_2_fastqc.zip",
                "gunzip",
                "gunzip/genes.gtf",
                "multiqc",
                "multiqc/multiqc_data",
                "multiqc/multiqc_data/fastp-insert-size-plot.txt",
                "multiqc/multiqc_data/fastp-seq-content-gc-plot_Read_1_After_filtering.txt",
                "multiqc/multiqc_data/fastp-seq-content-gc-plot_Read_1_Before_filtering.txt",
                "multiqc/multiqc_data/fastp-seq-content-gc-plot_Read_2_After_filtering.txt",
                "multiqc/multiqc_data/fastp-seq-content-gc-plot_Read_2_Before_filtering.txt",
                "multiqc/multiqc_data/fastp-seq-content-n-plot_Read_1_After_filtering.txt",
                "multiqc/multiqc_data/fastp-seq-content-n-plot_Read_1_Before_filtering.txt",
                "multiqc/multiqc_data/fastp-seq-content-n-plot_Read_2_After_filtering.txt",
                "multiqc/multiqc_data/fastp-seq-content-n-plot_Read_2_Before_filtering.txt",
                "multiqc/multiqc_data/fastp-seq-quality-plot_Read_1_After_filtering.txt",
                "multiqc/multiqc_data/fastp-seq-quality-plot_Read_1_Before_filtering.txt",
                "multiqc/multiqc_data/fastp-seq-quality-plot_Read_2_After_filtering.txt",
                "multiqc/multiqc_data/fastp-seq-quality-plot_Read_2_Before_filtering.txt",
                "multiqc/multiqc_data/fastp_filtered_reads_plot.txt",
                "multiqc/multiqc_data/fastqc-status-check-heatmap.txt",
                "multiqc/multiqc_data/fastqc_adapter_content_plot.txt",
                "multiqc/multiqc_data/fastqc_overrepresented_sequences_plot.txt",
                "multiqc/multiqc_data/fastqc_per_base_n_content_plot.txt",
                "multiqc/multiqc_data/fastqc_per_base_sequence_quality_plot.txt",
                "multiqc/multiqc_data/fastqc_per_sequence_gc_content_plot_Counts.txt",
                "multiqc/multiqc_data/fastqc_per_sequence_gc_content_plot_Percentages.txt",
                "multiqc/multiqc_data/fastqc_per_sequence_quality_scores_plot.txt",
                "multiqc/multiqc_data/fastqc_sequence_counts_plot.txt",
                "multiqc/multiqc_data/fastqc_sequence_duplication_levels_plot.txt",
                "multiqc/multiqc_data/fastqc_top_overrepresented_sequences_table.txt",
                "multiqc/multiqc_data/llms-full.txt",
                "multiqc/multiqc_data/multiqc.log",
                "multiqc/multiqc_data/multiqc.parquet",
                "multiqc/multiqc_data/multiqc_citations.txt",
                "multiqc/multiqc_data/multiqc_data.json",
                "multiqc/multiqc_data/multiqc_fastp.txt",
                "multiqc/multiqc_data/multiqc_fastqc.txt",
                "multiqc/multiqc_data/multiqc_general_stats.txt",
                "multiqc/multiqc_data/multiqc_software_versions.txt",
                "multiqc/multiqc_data/multiqc_sources.txt",
                "multiqc/multiqc_plots",
                "multiqc/multiqc_plots/pdf",
                "multiqc/multiqc_plots/pdf/fastp-insert-size-plot.pdf",
                "multiqc/multiqc_plots/pdf/fastp-seq-content-gc-plot_Read_1_After_filtering.pdf",
                "multiqc/multiqc_plots/pdf/fastp-seq-content-gc-plot_Read_1_Before_filtering.pdf",
                "multiqc/multiqc_plots/pdf/fastp-seq-content-gc-plot_Read_2_After_filtering.pdf",
                "multiqc/multiqc_plots/pdf/fastp-seq-content-gc-plot_Read_2_Before_filtering.pdf",
                "multiqc/multiqc_plots/pdf/fastp-seq-content-n-plot_Read_1_After_filtering.pdf",
                "multiqc/multiqc_plots/pdf/fastp-seq-content-n-plot_Read_1_Before_filtering.pdf",
                "multiqc/multiqc_plots/pdf/fastp-seq-content-n-plot_Read_2_After_filtering.pdf",
                "multiqc/multiqc_plots/pdf/fastp-seq-content-n-plot_Read_2_Before_filtering.pdf",
                "multiqc/multiqc_plots/pdf/fastp-seq-quality-plot_Read_1_After_filtering.pdf",
                "multiqc/multiqc_plots/pdf/fastp-seq-quality-plot_Read_1_Before_filtering.pdf",
                "multiqc/multiqc_plots/pdf/fastp-seq-quality-plot_Read_2_After_filtering.pdf",
                "multiqc/multiqc_plots/pdf/fastp-seq-quality-plot_Read_2_Before_filtering.pdf",
                "multiqc/multiqc_plots/pdf/fastp_filtered_reads_plot-cnt.pdf",
                "multiqc/multiqc_plots/pdf/fastp_filtered_reads_plot-pct.pdf",
                "multiqc/multiqc_plots/pdf/fastqc-status-check-heatmap.pdf",
                "multiqc/multiqc_plots/pdf/fastqc_adapter_content_plot.pdf",
                "multiqc/multiqc_plots/pdf/fastqc_overrepresented_sequences_plot.pdf",
                "multiqc/multiqc_plots/pdf/fastqc_per_base_n_content_plot.pdf",
                "multiqc/multiqc_plots/pdf/fastqc_per_base_sequence_quality_plot.pdf",
                "multiqc/multiqc_plots/pdf/fastqc_per_sequence_gc_content_plot_Counts.pdf",
                "multiqc/multiqc_plots/pdf/fastqc_per_sequence_gc_content_plot_Percentages.pdf",
                "multiqc/multiqc_plots/pdf/fastqc_per_sequence_quality_scores_plot.pdf",
                "multiqc/multiqc_plots/pdf/fastqc_sequence_counts_plot-cnt.pdf",
                "multiqc/multiqc_plots/pdf/fastqc_sequence_counts_plot-pct.pdf",
                "multiqc/multiqc_plots/pdf/fastqc_sequence_duplication_levels_plot.pdf",
                "multiqc/multiqc_plots/pdf/fastqc_top_overrepresented_sequences_table.pdf",
                "multiqc/multiqc_plots/png",
                "multiqc/multiqc_plots/png/fastp-insert-size-plot.png",
                "multiqc/multiqc_plots/png/fastp-seq-content-gc-plot_Read_1_After_filtering.png",
                "multiqc/multiqc_plots/png/fastp-seq-content-gc-plot_Read_1_Before_filtering.png",
                "multiqc/multiqc_plots/png/fastp-seq-content-gc-plot_Read_2_After_filtering.png",
                "multiqc/multiqc_plots/png/fastp-seq-content-gc-plot_Read_2_Before_filtering.png",
                "multiqc/multiqc_plots/png/fastp-seq-content-n-plot_Read_1_After_filtering.png",
                "multiqc/multiqc_plots/png/fastp-seq-content-n-plot_Read_1_Before_filtering.png",
                "multiqc/multiqc_plots/png/fastp-seq-content-n-plot_Read_2_After_filtering.png",
                "multiqc/multiqc_plots/png/fastp-seq-content-n-plot_Read_2_Before_filtering.png",
                "multiqc/multiqc_plots/png/fastp-seq-quality-plot_Read_1_After_filtering.png",
                "multiqc/multiqc_plots/png/fastp-seq-quality-plot_Read_1_Before_filtering.png",
                "multiqc/multiqc_plots/png/fastp-seq-quality-plot_Read_2_After_filtering.png",
                "multiqc/multiqc_plots/png/fastp-seq-quality-plot_Read_2_Before_filtering.png",
                "multiqc/multiqc_plots/png/fastp_filtered_reads_plot-cnt.png",
                "multiqc/multiqc_plots/png/fastp_filtered_reads_plot-pct.png",
                "multiqc/multiqc_plots/png/fastqc-status-check-heatmap.png",
                "multiqc/multiqc_plots/png/fastqc_adapter_content_plot.png",
                "multiqc/multiqc_plots/png/fastqc_overrepresented_sequences_plot.png",
                "multiqc/multiqc_plots/png/fastqc_per_base_n_content_plot.png",
                "multiqc/multiqc_plots/png/fastqc_per_base_sequence_quality_plot.png",
                "multiqc/multiqc_plots/png/fastqc_per_sequence_gc_content_plot_Counts.png",
                "multiqc/multiqc_plots/png/fastqc_per_sequence_gc_content_plot_Percentages.png",
                "multiqc/multiqc_plots/png/fastqc_per_sequence_quality_scores_plot.png",
                "multiqc/multiqc_plots/png/fastqc_sequence_counts_plot-cnt.png",
                "multiqc/multiqc_plots/png/fastqc_sequence_counts_plot-pct.png",
                "multiqc/multiqc_plots/png/fastqc_sequence_duplication_levels_plot.png",
                "multiqc/multiqc_plots/png/fastqc_top_overrepresented_sequences_table.png",
                "multiqc/multiqc_plots/svg",
                "multiqc/multiqc_plots/svg/fastp-insert-size-plot.svg",
                "multiqc/multiqc_plots/svg/fastp-seq-content-gc-plot_Read_1_After_filtering.svg",
                "multiqc/multiqc_plots/svg/fastp-seq-content-gc-plot_Read_1_Before_filtering.svg",
                "multiqc/multiqc_plots/svg/fastp-seq-content-gc-plot_Read_2_After_filtering.svg",
                "multiqc/multiqc_plots/svg/fastp-seq-content-gc-plot_Read_2_Before_filtering.svg",
                "multiqc/multiqc_plots/svg/fastp-seq-content-n-plot_Read_1_After_filtering.svg",
                "multiqc/multiqc_plots/svg/fastp-seq-content-n-plot_Read_1_Before_filtering.svg",
                "multiqc/multiqc_plots/svg/fastp-seq-content-n-plot_Read_2_After_filtering.svg",
                "multiqc/multiqc_plots/svg/fastp-seq-content-n-plot_Read_2_Before_filtering.svg",
                "multiqc/multiqc_plots/svg/fastp-seq-quality-plot_Read_1_After_filtering.svg",
                "multiqc/multiqc_plots/svg/fastp-seq-quality-plot_Read_1_Before_filtering.svg",
                "multiqc/multiqc_plots/svg/fastp-seq-quality-plot_Read_2_After_filtering.svg",
                "multiqc/multiqc_plots/svg/fastp-seq-quality-plot_Read_2_Before_filtering.svg",
                "multiqc/multiqc_plots/svg/fastp_filtered_reads_plot-cnt.svg",
                "multiqc/multiqc_plots/svg/fastp_filtered_reads_plot-pct.svg",
                "multiqc/multiqc_plots/svg/fastqc-status-check-heatmap.svg",
                "multiqc/multiqc_plots/svg/fastqc_adapter_content_plot.svg",
                "multiqc/multiqc_plots/svg/fastqc_overrepresented_sequences_plot.svg",
                "multiqc/multiqc_plots/svg/fastqc_per_base_n_content_plot.svg",
                "multiqc/multiqc_plots/svg/fastqc_per_base_sequence_quality_plot.svg",
                "multiqc/multiqc_plots/svg/fastqc_per_sequence_gc_content_plot_Counts.svg",
                "multiqc/multiqc_plots/svg/fastqc_per_sequence_gc_content_plot_Percentages.svg",
                "multiqc/multiqc_plots/svg/fastqc_per_sequence_quality_scores_plot.svg",
                "multiqc/multiqc_plots/svg/fastqc_sequence_counts_plot-cnt.svg",
                "multiqc/multiqc_plots/svg/fastqc_sequence_counts_plot-pct.svg",
                "multiqc/multiqc_plots/svg/fastqc_sequence_duplication_levels_plot.svg",
                "multiqc/multiqc_plots/svg/fastqc_top_overrepresented_sequences_table.svg",
                "multiqc/multiqc_report.html",
                "pipeline_info",
                "pipeline_info/bulkrnaseqde_software_mqc_versions.yml",
                "salmon",
                "salmon/RAP1_IAA_30M_REP1",
                "salmon/RAP1_IAA_30M_REP1/aux_info",
                "salmon/RAP1_IAA_30M_REP1/aux_info/ambig_info.tsv",
                "salmon/RAP1_IAA_30M_REP1/aux_info/expected_bias.gz",
                "salmon/RAP1_IAA_30M_REP1/aux_info/fld.gz",
                "salmon/RAP1_IAA_30M_REP1/aux_info/meta_info.json",
                "salmon/RAP1_IAA_30M_REP1/aux_info/observed_bias.gz",
                "salmon/RAP1_IAA_30M_REP1/aux_info/observed_bias_3p.gz",
                "salmon/RAP1_IAA_30M_REP1/cmd_info.json",
                "salmon/RAP1_IAA_30M_REP1/libParams",
                "salmon/RAP1_IAA_30M_REP1/libParams/flenDist.txt",
                "salmon/RAP1_IAA_30M_REP1/lib_format_counts.json",
                "salmon/RAP1_IAA_30M_REP1/logs",
                "salmon/RAP1_IAA_30M_REP1/logs/salmon_quant.log",
                "salmon/RAP1_IAA_30M_REP1/quant.genes.sf",
                "salmon/RAP1_IAA_30M_REP1/quant.sf",
                "salmon/RAP1_IAA_30M_REP1_lib_format_counts.json",
                "salmon/RAP1_IAA_30M_REP1_meta_info.json",
                "salmon/WT_REP1",
                "salmon/WT_REP1/aux_info",
                "salmon/WT_REP1/aux_info/ambig_info.tsv",
                "salmon/WT_REP1/aux_info/expected_bias.gz",
                "salmon/WT_REP1/aux_info/fld.gz",
                "salmon/WT_REP1/aux_info/meta_info.json",
                "salmon/WT_REP1/aux_info/observed_bias.gz",
                "salmon/WT_REP1/aux_info/observed_bias_3p.gz",
                "salmon/WT_REP1/cmd_info.json",
                "salmon/WT_REP1/libParams",
                "salmon/WT_REP1/libParams/flenDist.txt",
                "salmon/WT_REP1/lib_format_counts.json",
                "salmon/WT_REP1/logs",
                "salmon/WT_REP1/logs/salmon_quant.log",
                "salmon/WT_REP1/quant.genes.sf",
                "salmon/WT_REP1/quant.sf",
                "salmon/WT_REP1_lib_format_counts.json",
                "salmon/WT_REP1_meta_info.json",
                "salmon/WT_REP2",
                "salmon/WT_REP2/aux_info",
                "salmon/WT_REP2/aux_info/ambig_info.tsv",
                "salmon/WT_REP2/aux_info/expected_bias.gz",
                "salmon/WT_REP2/aux_info/fld.gz",
                "salmon/WT_REP2/aux_info/meta_info.json",
                "salmon/WT_REP2/aux_info/observed_bias.gz",
                "salmon/WT_REP2/aux_info/observed_bias_3p.gz",
                "salmon/WT_REP2/cmd_info.json",
                "salmon/WT_REP2/libParams",
                "salmon/WT_REP2/libParams/flenDist.txt",
                "salmon/WT_REP2/lib_format_counts.json",
                "salmon/WT_REP2/logs",
                "salmon/WT_REP2/logs/salmon_quant.log",
                "salmon/WT_REP2/quant.genes.sf",
                "salmon/WT_REP2/quant.sf",
                "salmon/WT_REP2_lib_format_counts.json",
                "salmon/WT_REP2_meta_info.json",
                "salmon/salmon",
                "salmon/salmon/complete_ref_lens.bin",
                "salmon/salmon/ctable.bin",
                "salmon/salmon/ctg_offsets.bin",
                "salmon/salmon/duplicate_clusters.tsv",
                "salmon/salmon/info.json",
                "salmon/salmon/mphf.bin",
                "salmon/salmon/pos.bin",
                "salmon/salmon/pre_indexing.log",
                "salmon/salmon/rank.bin",
                "salmon/salmon/refAccumLengths.bin",
                "salmon/salmon/ref_indexing.log",
                "salmon/salmon/reflengths.bin",
                "salmon/salmon/refseq.bin",
                "salmon/salmon/seq.bin",
                "salmon/salmon/versionInfo.json",
                "tximeta",
                "tximeta/bulkrnaseqde.gene_counts.tsv",
                "tximeta/bulkrnaseqde.gene_counts_length_scaled.tsv",
                "tximeta/bulkrnaseqde.gene_counts_scaled.tsv",
                "tximeta/bulkrnaseqde.gene_lengths.tsv",
                "tximeta/bulkrnaseqde.gene_tpm.tsv",
                "tximeta/bulkrnaseqde.transcript_counts.tsv",
                "tximeta/bulkrnaseqde.transcript_lengths.tsv",
                "tximeta/bulkrnaseqde.transcript_tpm.tsv",
                "tximeta/bulkrnaseqde.tx2gene_augmented.tsv"
            ],
            [
                "RAP1_IAA_30M_REP1.fastp.html:md5,1af253e7144f6975a767106de3bc3b50",
                "RAP1_IAA_30M_REP1.fastp.json:md5,c986ee062063c865afff50b96f810e77",
                "RAP1_IAA_30M_REP1.fastp.log:md5,6d661542622eb5d4b4a4f049a802fd8b",
                "RAP1_IAA_30M_REP1_R1.fastp.fastq.gz:md5,74794e058e15766bd3836abc53eeb2ee",
                "RAP1_IAA_30M_REP1_R2.fastp.fastq.gz:md5,a3101f747d28f074da5fbc726e4b7f92",
                "WT_REP1.fastp.html:md5,4d5c96f6632effa0dd37ada9ccbe2827",
                "WT_REP1.fastp.json:md5,67f25bfeef7c16f6eed78ad22703ff77",
                "WT_REP1.fastp.log:md5,a886630654f95575b952b9d8fdb66b93",
                "WT_REP1_R1.fastp.fastq.gz:md5,4a32ead7f5ac1f5b1059e4239529033b",
                "WT_REP1_R2.fastp.fastq.gz:md5,255e4699951a714279cc1fb7c5bc9580",
                "WT_REP2.fastp.html:md5,25df85e2a8b2a2267554a2679b9fce1e",
                "WT_REP2.fastp.json:md5,cfc17724224ef508bf744071b0f82e6b",
                "WT_REP2.fastp.log:md5,d194f4515f2c29149aeaf67f0e25ba8c",
                "WT_REP2_R1.fastp.fastq.gz:md5,74953ef463b25bd8bdbb774d44d2c3d4",
                "WT_REP2_R2.fastp.fastq.gz:md5,534c4c91def95053378318a0f1ee4d5e",
                "RAP1_IAA_30M_REP1_1_fastqc.html:md5,768571a73b6324f8ea3a2f095b761c3c",
                "RAP1_IAA_30M_REP1_1_fastqc.zip:md5,4e7db64cd1deb552b88f72f67ba7a9d3",
                "RAP1_IAA_30M_REP1_2_fastqc.html:md5,0c59ba425df02edbca471aa0c7c470c3",
                "RAP1_IAA_30M_REP1_2_fastqc.zip:md5,36a7f413f801cd21b0df088e9ace85f7",
                "WT_REP1_1_fastqc.html:md5,9f9cbc8f7554705f95c687130ae16d12",
                "WT_REP1_1_fastqc.zip:md5,5d6882be29fea5fb94ce6465536ce6cc",
                "WT_REP1_2_fastqc.html:md5,8bbef8662b6ab1027fa80b39c2714786",
                "WT_REP1_2_fastqc.zip:md5,6abc66095c283895a0edd44937192204",
                "WT_REP2_1_fastqc.html:md5,f6cb11bdc80c48c3d1ecd0d4976e2dfb",
                "WT_REP2_1_fastqc.zip:md5,e6c02878acc288d8249225875a15c712",
                "WT_REP2_2_fastqc.html:md5,38fdc4ab1a3e7c191e63db2cd10d45fc",
                "WT_REP2_2_fastqc.zip:md5,016940d7379f85867c4888cd2aa4941d",
                "genes.gtf:md5,f248c3bd0ed7d362da273417237da3b3",
                "ambig_info.tsv:md5,6c276b1f2149d18c1fac926ff0429482",
                "expected_bias.gz:md5,3407f87245d0003e0ffbfdf6d8c04f20",
                "fld.gz:md5,407607266df90ee47d8989c58ed91c63",
                "meta_info.json:md5,b31e3a7afcb8048c91a46b93679d23a2",
                "observed_bias.gz:md5,92bcd0592d22a6a58d0360fc76103e56",
                "observed_bias_3p.gz:md5,92bcd0592d22a6a58d0360fc76103e56",
                "cmd_info.json:md5,5a2747a7155047ee3ad396ea6e2493ce",
                "flenDist.txt:md5,4171541fe6276120f5e7fff2c4c35cbf",
                "lib_format_counts.json:md5,43308eac6afe624ad578ecd72c25213a",
                "salmon_quant.log:md5,256699ae3ec6043cd3c1e7df707566c8",
                "quant.genes.sf:md5,ef77b745453e898c529ba04784f79df8",
                "quant.sf:md5,d2f70ba9c4b7edfc72986e5ce7f41509",
                "RAP1_IAA_30M_REP1_lib_format_counts.json:md5,43308eac6afe624ad578ecd72c25213a",
                "RAP1_IAA_30M_REP1_meta_info.json:md5,b31e3a7afcb8048c91a46b93679d23a2",
                "ambig_info.tsv:md5,58e24442e1c27b4e0dc342718cf5efdf",
                "expected_bias.gz:md5,3407f87245d0003e0ffbfdf6d8c04f20",
                "fld.gz:md5,3ee7b087bf8205f24e86061b6daedc90",
                "meta_info.json:md5,3606173d5bdc56935b1694232ab35b5a",
                "observed_bias.gz:md5,92bcd0592d22a6a58d0360fc76103e56",
                "observed_bias_3p.gz:md5,92bcd0592d22a6a58d0360fc76103e56",
                "cmd_info.json:md5,32c53d578218afa7257a73b22220f946",
                "flenDist.txt:md5,6e018ffbe74acd9764216cc83067199b",
                "lib_format_counts.json:md5,a3c8033f0d0bbacdab2d45bb91a98737",
                "salmon_quant.log:md5,7d16a547e32aea668ee76fcb8e009cb3",
                "quant.genes.sf:md5,6f3f833a518e41f92c768d0b103b879b",
                "quant.sf:md5,ea9796ed33bab2aac65a20f2f75fcfa1",
                "WT_REP1_lib_format_counts.json:md5,a3c8033f0d0bbacdab2d45bb91a98737",
                "WT_REP1_meta_info.json:md5,3606173d5bdc56935b1694232ab35b5a",
                "ambig_info.tsv:md5,2851d7cafef6645024b0a621f1cc1d33",
                "expected_bias.gz:md5,3407f87245d0003e0ffbfdf6d8c04f20",
                "fld.gz:md5,f192dad8ce7d960f46f81a4dcfac9ad5",
                "meta_info.json:md5,bba0e131583c8e6ed1d6afe0638ddf18",
                "observed_bias.gz:md5,92bcd0592d22a6a58d0360fc76103e56",
                "observed_bias_3p.gz:md5,92bcd0592d22a6a58d0360fc76103e56",
                "cmd_info.json:md5,0f6d3f44527a75cc8ab1383ce569b2f3",
                "flenDist.txt:md5,a5214da892b284a74895932ed8fca8cf",
                "lib_format_counts.json:md5,538210e5c2d13606e0ec539e5bd1f222",
                "salmon_quant.log:md5,bf35a96fd147c17ab84d45507a002ba5",
                "quant.genes.sf:md5,8fec75cc18d6948f36c1fda76d2e8dd6",
                "quant.sf:md5,92aff4b80f7847929c7f69bb7d7e36d8",
                "WT_REP2_lib_format_counts.json:md5,538210e5c2d13606e0ec539e5bd1f222",
                "WT_REP2_meta_info.json:md5,bba0e131583c8e6ed1d6afe0638ddf18",
                "complete_ref_lens.bin:md5,d32e9c48320cc12deefa4a0681783143",
                "ctable.bin:md5,440abbaaaae7842b308c5ecfa6cfc5ed",
                "ctg_offsets.bin:md5,83adc1145cddfdd5649d0a239c3c7ab1",
                "duplicate_clusters.tsv:md5,51b5292e3a874119c0e1aa566e95d70c",
                "info.json:md5,8b741a7d07981364ae2125d842ccaa2e",
                "mphf.bin:md5,8c26cf8c0379427af5b793b8bf942150",
                "pos.bin:md5,015d40d2a71a36b5516303ce2d9f4baa",
                "pre_indexing.log:md5,ca23dd6997edf6e2f87d4dac19022795",
                "rank.bin:md5,6f8627168411a41e9cf6d4335f5f9a62",
                "refAccumLengths.bin:md5,c0d925eb74b94a898aeb328f56173138",
                "ref_indexing.log:md5,18f4406abc702a2668b2e418aead659d",
                "reflengths.bin:md5,d32e9c48320cc12deefa4a0681783143",
                "refseq.bin:md5,e50178ee2e65dcf25b3e90593002398d",
                "seq.bin:md5,ac3af4877643c1ce4334723958ae5e81",
                "versionInfo.json:md5,d2c799050e81aa6e282ac8a73e773941"
            ]
        ],
        "timestamp": "2026-07-07T18:37:47.828386472",
        "meta": {
            "nf-test": "0.9.5",
            "nextflow": "26.04.4"
        }
    }
}