{
    "-profile test": {
        "content": [
            {
                "CUSTOM_TX2GENE": {
                    "python": "3.10.4"
                },
                "FASTP": {
                    "fastp": "1.1.0"
                },
                "FASTQC": {
                    "fastqc": "0.12.1"
                },
                "GUNZIP": {
                    "gunzip": 1.13
                },
                "SALMON_INDEX": {
                    "salmon": "1.10.3"
                },
                "SALMON_QUANT": {
                    "salmon": "1.10.3"
                },
                "TXIMETA_TXIMPORT": {
                    "bioconductor-tximeta": "1.20.1"
                },
                "Workflow": {
                    "phronexis/bulkrnaseqde": "v1.0.0dev"
                }
            },
            [
                "custom",
                "custom/gtf.tx2gene.tsv",
                "fastp",
                "fastp/RAP1_IAA_30M_REP1.fastp.html",
                "fastp/RAP1_IAA_30M_REP1.fastp.json",
                "fastp/RAP1_IAA_30M_REP1.fastp.log",
                "fastp/RAP1_IAA_30M_REP1_R1.fastp.fastq.gz",
                "fastp/RAP1_IAA_30M_REP1_R2.fastp.fastq.gz",
                "fastp/WT_REP1.fastp.html",
                "fastp/WT_REP1.fastp.json",
                "fastp/WT_REP1.fastp.log",
                "fastp/WT_REP1_R1.fastp.fastq.gz",
                "fastp/WT_REP1_R2.fastp.fastq.gz",
                "fastp/WT_REP2.fastp.html",
                "fastp/WT_REP2.fastp.json",
                "fastp/WT_REP2.fastp.log",
                "fastp/WT_REP2_R1.fastp.fastq.gz",
                "fastp/WT_REP2_R2.fastp.fastq.gz",
                "fastqc",
                "fastqc/RAP1_IAA_30M_REP1_1_fastqc.html",
                "fastqc/RAP1_IAA_30M_REP1_1_fastqc.zip",
                "fastqc/RAP1_IAA_30M_REP1_2_fastqc.html",
                "fastqc/RAP1_IAA_30M_REP1_2_fastqc.zip",
                "fastqc/WT_REP1_1_fastqc.html",
                "fastqc/WT_REP1_1_fastqc.zip",
                "fastqc/WT_REP1_2_fastqc.html",
                "fastqc/WT_REP1_2_fastqc.zip",
                "fastqc/WT_REP2_1_fastqc.html",
                "fastqc/WT_REP2_1_fastqc.zip",
                "fastqc/WT_REP2_2_fastqc.html",
                "fastqc/WT_REP2_2_fastqc.zip",
                "gunzip",
                "gunzip/genes.gtf",
                "multiqc",
                "multiqc/multiqc_data",
                "multiqc/multiqc_data/fastp-insert-size-plot.txt",
                "multiqc/multiqc_data/fastp-seq-content-gc-plot_Read_1_After_filtering.txt",
                "multiqc/multiqc_data/fastp-seq-content-gc-plot_Read_1_Before_filtering.txt",
                "multiqc/multiqc_data/fastp-seq-content-gc-plot_Read_2_After_filtering.txt",
                "multiqc/multiqc_data/fastp-seq-content-gc-plot_Read_2_Before_filtering.txt",
                "multiqc/multiqc_data/fastp-seq-content-n-plot_Read_1_After_filtering.txt",
                "multiqc/multiqc_data/fastp-seq-content-n-plot_Read_1_Before_filtering.txt",
                "multiqc/multiqc_data/fastp-seq-content-n-plot_Read_2_After_filtering.txt",
                "multiqc/multiqc_data/fastp-seq-content-n-plot_Read_2_Before_filtering.txt",
                "multiqc/multiqc_data/fastp-seq-quality-plot_Read_1_After_filtering.txt",
                "multiqc/multiqc_data/fastp-seq-quality-plot_Read_1_Before_filtering.txt",
                "multiqc/multiqc_data/fastp-seq-quality-plot_Read_2_After_filtering.txt",
                "multiqc/multiqc_data/fastp-seq-quality-plot_Read_2_Before_filtering.txt",
                "multiqc/multiqc_data/fastp_filtered_reads_plot.txt",
                "multiqc/multiqc_data/fastqc-status-check-heatmap.txt",
                "multiqc/multiqc_data/fastqc_adapter_content_plot.txt",
                "multiqc/multiqc_data/fastqc_overrepresented_sequences_plot.txt",
                "multiqc/multiqc_data/fastqc_per_base_n_content_plot.txt",
                "multiqc/multiqc_data/fastqc_per_base_sequence_quality_plot.txt",
                "multiqc/multiqc_data/fastqc_per_sequence_gc_content_plot_Counts.txt",
                "multiqc/multiqc_data/fastqc_per_sequence_gc_content_plot_Percentages.txt",
                "multiqc/multiqc_data/fastqc_per_sequence_quality_scores_plot.txt",
                "multiqc/multiqc_data/fastqc_sequence_counts_plot.txt",
                "multiqc/multiqc_data/fastqc_sequence_duplication_levels_plot.txt",
                "multiqc/multiqc_data/fastqc_top_overrepresented_sequences_table.txt",
                "multiqc/multiqc_data/llms-full.txt",
                "multiqc/multiqc_data/multiqc.log",
                "multiqc/multiqc_data/multiqc.parquet",
                "multiqc/multiqc_data/multiqc_citations.txt",
                "multiqc/multiqc_data/multiqc_data.json",
                "multiqc/multiqc_data/multiqc_fastp.txt",
                "multiqc/multiqc_data/multiqc_fastqc.txt",
                "multiqc/multiqc_data/multiqc_general_stats.txt",
                "multiqc/multiqc_data/multiqc_software_versions.txt",
                "multiqc/multiqc_data/multiqc_sources.txt",
                "multiqc/multiqc_plots",
                "multiqc/multiqc_plots/pdf",
                "multiqc/multiqc_plots/pdf/fastp-insert-size-plot.pdf",
                "multiqc/multiqc_plots/pdf/fastp-seq-content-gc-plot_Read_1_After_filtering.pdf",
                "multiqc/multiqc_plots/pdf/fastp-seq-content-gc-plot_Read_1_Before_filtering.pdf",
                "multiqc/multiqc_plots/pdf/fastp-seq-content-gc-plot_Read_2_After_filtering.pdf",
                "multiqc/multiqc_plots/pdf/fastp-seq-content-gc-plot_Read_2_Before_filtering.pdf",
                "multiqc/multiqc_plots/pdf/fastp-seq-content-n-plot_Read_1_After_filtering.pdf",
                "multiqc/multiqc_plots/pdf/fastp-seq-content-n-plot_Read_1_Before_filtering.pdf",
                "multiqc/multiqc_plots/pdf/fastp-seq-content-n-plot_Read_2_After_filtering.pdf",
                "multiqc/multiqc_plots/pdf/fastp-seq-content-n-plot_Read_2_Before_filtering.pdf",
                "multiqc/multiqc_plots/pdf/fastp-seq-quality-plot_Read_1_After_filtering.pdf",
                "multiqc/multiqc_plots/pdf/fastp-seq-quality-plot_Read_1_Before_filtering.pdf",
                "multiqc/multiqc_plots/pdf/fastp-seq-quality-plot_Read_2_After_filtering.pdf",
                "multiqc/multiqc_plots/pdf/fastp-seq-quality-plot_Read_2_Before_filtering.pdf",
                "multiqc/multiqc_plots/pdf/fastp_filtered_reads_plot-cnt.pdf",
                "multiqc/multiqc_plots/pdf/fastp_filtered_reads_plot-pct.pdf",
                "multiqc/multiqc_plots/pdf/fastqc-status-check-heatmap.pdf",
                "multiqc/multiqc_plots/pdf/fastqc_adapter_content_plot.pdf",
                "multiqc/multiqc_plots/pdf/fastqc_overrepresented_sequences_plot.pdf",
                "multiqc/multiqc_plots/pdf/fastqc_per_base_n_content_plot.pdf",
                "multiqc/multiqc_plots/pdf/fastqc_per_base_sequence_quality_plot.pdf",
                "multiqc/multiqc_plots/pdf/fastqc_per_sequence_gc_content_plot_Counts.pdf",
                "multiqc/multiqc_plots/pdf/fastqc_per_sequence_gc_content_plot_Percentages.pdf",
                "multiqc/multiqc_plots/pdf/fastqc_per_sequence_quality_scores_plot.pdf",
                "multiqc/multiqc_plots/pdf/fastqc_sequence_counts_plot-cnt.pdf",
                "multiqc/multiqc_plots/pdf/fastqc_sequence_counts_plot-pct.pdf",
                "multiqc/multiqc_plots/pdf/fastqc_sequence_duplication_levels_plot.pdf",
                "multiqc/multiqc_plots/pdf/fastqc_top_overrepresented_sequences_table.pdf",
                "multiqc/multiqc_plots/png",
                "multiqc/multiqc_plots/png/fastp-insert-size-plot.png",
                "multiqc/multiqc_plots/png/fastp-seq-content-gc-plot_Read_1_After_filtering.png",
                "multiqc/multiqc_plots/png/fastp-seq-content-gc-plot_Read_1_Before_filtering.png",
                "multiqc/multiqc_plots/png/fastp-seq-content-gc-plot_Read_2_After_filtering.png",
                "multiqc/multiqc_plots/png/fastp-seq-content-gc-plot_Read_2_Before_filtering.png",
                "multiqc/multiqc_plots/png/fastp-seq-content-n-plot_Read_1_After_filtering.png",
                "multiqc/multiqc_plots/png/fastp-seq-content-n-plot_Read_1_Before_filtering.png",
                "multiqc/multiqc_plots/png/fastp-seq-content-n-plot_Read_2_After_filtering.png",
                "multiqc/multiqc_plots/png/fastp-seq-content-n-plot_Read_2_Before_filtering.png",
                "multiqc/multiqc_plots/png/fastp-seq-quality-plot_Read_1_After_filtering.png",
                "multiqc/multiqc_plots/png/fastp-seq-quality-plot_Read_1_Before_filtering.png",
                "multiqc/multiqc_plots/png/fastp-seq-quality-plot_Read_2_After_filtering.png",
                "multiqc/multiqc_plots/png/fastp-seq-quality-plot_Read_2_Before_filtering.png",
                "multiqc/multiqc_plots/png/fastp_filtered_reads_plot-cnt.png",
                "multiqc/multiqc_plots/png/fastp_filtered_reads_plot-pct.png",
                "multiqc/multiqc_plots/png/fastqc-status-check-heatmap.png",
                "multiqc/multiqc_plots/png/fastqc_adapter_content_plot.png",
                "multiqc/multiqc_plots/png/fastqc_overrepresented_sequences_plot.png",
                "multiqc/multiqc_plots/png/fastqc_per_base_n_content_plot.png",
                "multiqc/multiqc_plots/png/fastqc_per_base_sequence_quality_plot.png",
                "multiqc/multiqc_plots/png/fastqc_per_sequence_gc_content_plot_Counts.png",
                "multiqc/multiqc_plots/png/fastqc_per_sequence_gc_content_plot_Percentages.png",
                "multiqc/multiqc_plots/png/fastqc_per_sequence_quality_scores_plot.png",
                "multiqc/multiqc_plots/png/fastqc_sequence_counts_plot-cnt.png",
                "multiqc/multiqc_plots/png/fastqc_sequence_counts_plot-pct.png",
                "multiqc/multiqc_plots/png/fastqc_sequence_duplication_levels_plot.png",
                "multiqc/multiqc_plots/png/fastqc_top_overrepresented_sequences_table.png",
                "multiqc/multiqc_plots/svg",
                "multiqc/multiqc_plots/svg/fastp-insert-size-plot.svg",
                "multiqc/multiqc_plots/svg/fastp-seq-content-gc-plot_Read_1_After_filtering.svg",
                "multiqc/multiqc_plots/svg/fastp-seq-content-gc-plot_Read_1_Before_filtering.svg",
                "multiqc/multiqc_plots/svg/fastp-seq-content-gc-plot_Read_2_After_filtering.svg",
                "multiqc/multiqc_plots/svg/fastp-seq-content-gc-plot_Read_2_Before_filtering.svg",
                "multiqc/multiqc_plots/svg/fastp-seq-content-n-plot_Read_1_After_filtering.svg",
                "multiqc/multiqc_plots/svg/fastp-seq-content-n-plot_Read_1_Before_filtering.svg",
                "multiqc/multiqc_plots/svg/fastp-seq-content-n-plot_Read_2_After_filtering.svg",
                "multiqc/multiqc_plots/svg/fastp-seq-content-n-plot_Read_2_Before_filtering.svg",
                "multiqc/multiqc_plots/svg/fastp-seq-quality-plot_Read_1_After_filtering.svg",
                "multiqc/multiqc_plots/svg/fastp-seq-quality-plot_Read_1_Before_filtering.svg",
                "multiqc/multiqc_plots/svg/fastp-seq-quality-plot_Read_2_After_filtering.svg",
                "multiqc/multiqc_plots/svg/fastp-seq-quality-plot_Read_2_Before_filtering.svg",
                "multiqc/multiqc_plots/svg/fastp_filtered_reads_plot-cnt.svg",
                "multiqc/multiqc_plots/svg/fastp_filtered_reads_plot-pct.svg",
                "multiqc/multiqc_plots/svg/fastqc-status-check-heatmap.svg",
                "multiqc/multiqc_plots/svg/fastqc_adapter_content_plot.svg",
                "multiqc/multiqc_plots/svg/fastqc_overrepresented_sequences_plot.svg",
                "multiqc/multiqc_plots/svg/fastqc_per_base_n_content_plot.svg",
                "multiqc/multiqc_plots/svg/fastqc_per_base_sequence_quality_plot.svg",
                "multiqc/multiqc_plots/svg/fastqc_per_sequence_gc_content_plot_Counts.svg",
                "multiqc/multiqc_plots/svg/fastqc_per_sequence_gc_content_plot_Percentages.svg",
                "multiqc/multiqc_plots/svg/fastqc_per_sequence_quality_scores_plot.svg",
                "multiqc/multiqc_plots/svg/fastqc_sequence_counts_plot-cnt.svg",
                "multiqc/multiqc_plots/svg/fastqc_sequence_counts_plot-pct.svg",
                "multiqc/multiqc_plots/svg/fastqc_sequence_duplication_levels_plot.svg",
                "multiqc/multiqc_plots/svg/fastqc_top_overrepresented_sequences_table.svg",
                "multiqc/multiqc_report.html",
                "pipeline_info",
                "pipeline_info/bulkrnaseqde_software_mqc_versions.yml",
                "salmon",
                "salmon/RAP1_IAA_30M_REP1",
                "salmon/RAP1_IAA_30M_REP1/aux_info",
                "salmon/RAP1_IAA_30M_REP1/aux_info/ambig_info.tsv",
                "salmon/RAP1_IAA_30M_REP1/aux_info/expected_bias.gz",
                "salmon/RAP1_IAA_30M_REP1/aux_info/fld.gz",
                "salmon/RAP1_IAA_30M_REP1/aux_info/meta_info.json",
                "salmon/RAP1_IAA_30M_REP1/aux_info/observed_bias.gz",
                "salmon/RAP1_IAA_30M_REP1/aux_info/observed_bias_3p.gz",
                "salmon/RAP1_IAA_30M_REP1/cmd_info.json",
                "salmon/RAP1_IAA_30M_REP1/libParams",
                "salmon/RAP1_IAA_30M_REP1/libParams/flenDist.txt",
                "salmon/RAP1_IAA_30M_REP1/lib_format_counts.json",
                "salmon/RAP1_IAA_30M_REP1/logs",
                "salmon/RAP1_IAA_30M_REP1/logs/salmon_quant.log",
                "salmon/RAP1_IAA_30M_REP1/quant.genes.sf",
                "salmon/RAP1_IAA_30M_REP1/quant.sf",
                "salmon/RAP1_IAA_30M_REP1_lib_format_counts.json",
                "salmon/RAP1_IAA_30M_REP1_meta_info.json",
                "salmon/WT_REP1",
                "salmon/WT_REP1/aux_info",
                "salmon/WT_REP1/aux_info/ambig_info.tsv",
                "salmon/WT_REP1/aux_info/expected_bias.gz",
                "salmon/WT_REP1/aux_info/fld.gz",
                "salmon/WT_REP1/aux_info/meta_info.json",
                "salmon/WT_REP1/aux_info/observed_bias.gz",
                "salmon/WT_REP1/aux_info/observed_bias_3p.gz",
                "salmon/WT_REP1/cmd_info.json",
                "salmon/WT_REP1/libParams",
                "salmon/WT_REP1/libParams/flenDist.txt",
                "salmon/WT_REP1/lib_format_counts.json",
                "salmon/WT_REP1/logs",
                "salmon/WT_REP1/logs/salmon_quant.log",
                "salmon/WT_REP1/quant.genes.sf",
                "salmon/WT_REP1/quant.sf",
                "salmon/WT_REP1_lib_format_counts.json",
                "salmon/WT_REP1_meta_info.json",
                "salmon/WT_REP2",
                "salmon/WT_REP2/aux_info",
                "salmon/WT_REP2/aux_info/ambig_info.tsv",
                "salmon/WT_REP2/aux_info/expected_bias.gz",
                "salmon/WT_REP2/aux_info/fld.gz",
                "salmon/WT_REP2/aux_info/meta_info.json",
                "salmon/WT_REP2/aux_info/observed_bias.gz",
                "salmon/WT_REP2/aux_info/observed_bias_3p.gz",
                "salmon/WT_REP2/cmd_info.json",
                "salmon/WT_REP2/libParams",
                "salmon/WT_REP2/libParams/flenDist.txt",
                "salmon/WT_REP2/lib_format_counts.json",
                "salmon/WT_REP2/logs",
                "salmon/WT_REP2/logs/salmon_quant.log",
                "salmon/WT_REP2/quant.genes.sf",
                "salmon/WT_REP2/quant.sf",
                "salmon/WT_REP2_lib_format_counts.json",
                "salmon/WT_REP2_meta_info.json",
                "salmon/salmon",
                "salmon/salmon/complete_ref_lens.bin",
                "salmon/salmon/ctable.bin",
                "salmon/salmon/ctg_offsets.bin",
                "salmon/salmon/duplicate_clusters.tsv",
                "salmon/salmon/info.json",
                "salmon/salmon/mphf.bin",
                "salmon/salmon/pos.bin",
                "salmon/salmon/pre_indexing.log",
                "salmon/salmon/rank.bin",
                "salmon/salmon/refAccumLengths.bin",
                "salmon/salmon/ref_indexing.log",
                "salmon/salmon/reflengths.bin",
                "salmon/salmon/refseq.bin",
                "salmon/salmon/seq.bin",
                "salmon/salmon/versionInfo.json",
                "tximeta",
                "tximeta/bulkrnaseqde.gene_counts.tsv",
                "tximeta/bulkrnaseqde.gene_counts_length_scaled.tsv",
                "tximeta/bulkrnaseqde.gene_counts_scaled.tsv",
                "tximeta/bulkrnaseqde.gene_lengths.tsv",
                "tximeta/bulkrnaseqde.gene_tpm.tsv",
                "tximeta/bulkrnaseqde.transcript_counts.tsv",
                "tximeta/bulkrnaseqde.transcript_lengths.tsv",
                "tximeta/bulkrnaseqde.transcript_tpm.tsv",
                "tximeta/bulkrnaseqde.tx2gene_augmented.tsv"
            ],
            [
                "gtf.tx2gene.tsv:md5,1be389a28cc26d94b19ea918959ac72e",
                "RAP1_IAA_30M_REP1.fastp.html:md5,e1fee0c11fe74b5de9bfeaf39450d323",
                "RAP1_IAA_30M_REP1.fastp.json:md5,c986ee062063c865afff50b96f810e77",
                "RAP1_IAA_30M_REP1.fastp.log:md5,1ac0a7b2a9e1f7ec82f8ad310359174a",
                "RAP1_IAA_30M_REP1_R1.fastp.fastq.gz:md5,74794e058e15766bd3836abc53eeb2ee",
                "RAP1_IAA_30M_REP1_R2.fastp.fastq.gz:md5,a3101f747d28f074da5fbc726e4b7f92",
                "WT_REP1.fastp.html:md5,9a14fbdf70e52cc53e10f8bc660b4d87",
                "WT_REP1.fastp.json:md5,67f25bfeef7c16f6eed78ad22703ff77",
                "WT_REP1.fastp.log:md5,a886630654f95575b952b9d8fdb66b93",
                "WT_REP1_R1.fastp.fastq.gz:md5,4a32ead7f5ac1f5b1059e4239529033b",
                "WT_REP1_R2.fastp.fastq.gz:md5,255e4699951a714279cc1fb7c5bc9580",
                "WT_REP2.fastp.html:md5,1e76abe04d5d56f12ddbf387eab07df3",
                "WT_REP2.fastp.json:md5,cfc17724224ef508bf744071b0f82e6b",
                "WT_REP2.fastp.log:md5,db7430f072caad7ee205213b82ceee4b",
                "WT_REP2_R1.fastp.fastq.gz:md5,74953ef463b25bd8bdbb774d44d2c3d4",
                "WT_REP2_R2.fastp.fastq.gz:md5,534c4c91def95053378318a0f1ee4d5e",
                "genes.gtf:md5,f248c3bd0ed7d362da273417237da3b3",
                "fastp-insert-size-plot.txt:md5,e2ce1cd9b207c3ec4cd1579fd48609e0",
                "fastp-seq-content-gc-plot_Read_1_After_filtering.txt:md5,9f90f705b40cac10d2c60b8091d6dab9",
                "fastp-seq-content-gc-plot_Read_1_Before_filtering.txt:md5,ac3faf3fcae1df3db0fd0d128cdc0895",
                "fastp-seq-content-gc-plot_Read_2_After_filtering.txt:md5,1e66ef2ff473891d53b0fa2606d77c2e",
                "fastp-seq-content-gc-plot_Read_2_Before_filtering.txt:md5,128e5602a2120a361094e475b2c9894c",
                "fastp-seq-content-n-plot_Read_1_After_filtering.txt:md5,7db7edfc1bb856add112a780d5b9f1ff",
                "fastp-seq-content-n-plot_Read_1_Before_filtering.txt:md5,0ee0b86039c5f34325bc677d3473cb0c",
                "fastp-seq-content-n-plot_Read_2_After_filtering.txt:md5,2d21734a551ecf5bfba0a39872e66f41",
                "fastp-seq-content-n-plot_Read_2_Before_filtering.txt:md5,31f6af08345631ee8e4f8c68216e3cd8",
                "fastp-seq-quality-plot_Read_1_After_filtering.txt:md5,19c0f05c8ec5d4f4347fd595da7b48f2",
                "fastp-seq-quality-plot_Read_1_Before_filtering.txt:md5,11fbccda4dd6af414a69792b70414e2f",
                "fastp-seq-quality-plot_Read_2_After_filtering.txt:md5,6ebcc126f538b6018dd59b61c1fb34e0",
                "fastp-seq-quality-plot_Read_2_Before_filtering.txt:md5,eb34e624650177a602b4a49bf9b7fdfd",
                "fastp_filtered_reads_plot.txt:md5,972416e38737c5225c1d2c9048a50658",
                "fastqc-status-check-heatmap.txt:md5,142bc48d4f21a0919bf12fece84158e6",
                "fastqc_adapter_content_plot.txt:md5,1bafc705e20909136dad8dc3dbf7f3cb",
                "fastqc_overrepresented_sequences_plot.txt:md5,851c27aa2edc5b04ab5e07358c52635f",
                "fastqc_per_base_n_content_plot.txt:md5,f0c614cd7290dd00ad9141bead13c1fe",
                "fastqc_per_base_sequence_quality_plot.txt:md5,67531827128885062172a164d943f853",
                "fastqc_per_sequence_gc_content_plot_Counts.txt:md5,e2030eddcbd54470812716968193cf1a",
                "fastqc_per_sequence_gc_content_plot_Percentages.txt:md5,a759a1e057fc421a34046d94a73376ef",
                "fastqc_per_sequence_quality_scores_plot.txt:md5,a76f8a72c7cac07df84430405da29b57",
                "fastqc_sequence_counts_plot.txt:md5,bd7cbb822e66990862e7660793a0bf76",
                "fastqc_sequence_duplication_levels_plot.txt:md5,25f78c0c77cf9dd872d48c16e98af586",
                "multiqc_citations.txt:md5,d35df50e9903a96a2b3bce3c1fbc8ad2",
                "multiqc_fastp.txt:md5,4a5f405477055bc54fc49c4c405ab6df",
                "multiqc_fastqc.txt:md5,a59709938a1c4a72a0d05405f0d85d08",
                "multiqc_general_stats.txt:md5,3b4bc96eef4ade854694a0bf619843a5",
                "ambig_info.tsv:md5,6c276b1f2149d18c1fac926ff0429482",
                "expected_bias.gz:md5,3407f87245d0003e0ffbfdf6d8c04f20",
                "fld.gz:md5,b6135449a479f0afb5765e53778195d0",
                "meta_info.json:md5,ee83b8f2edcd00505b76ef871f9990b2",
                "observed_bias.gz:md5,92bcd0592d22a6a58d0360fc76103e56",
                "observed_bias_3p.gz:md5,92bcd0592d22a6a58d0360fc76103e56",
                "cmd_info.json:md5,5a2747a7155047ee3ad396ea6e2493ce",
                "flenDist.txt:md5,35e030316878e403c5abec591062c410",
                "lib_format_counts.json:md5,43308eac6afe624ad578ecd72c25213a",
                "salmon_quant.log:md5,25a3a06065187d4435f4d74dde7e0ef9",
                "quant.genes.sf:md5,4028549aea695d70a95c9b04cb7a36e7",
                "quant.sf:md5,cbdb42b0ed75311b6de30dc09dec9861",
                "RAP1_IAA_30M_REP1_lib_format_counts.json:md5,43308eac6afe624ad578ecd72c25213a",
                "RAP1_IAA_30M_REP1_meta_info.json:md5,ee83b8f2edcd00505b76ef871f9990b2",
                "ambig_info.tsv:md5,58e24442e1c27b4e0dc342718cf5efdf",
                "expected_bias.gz:md5,3407f87245d0003e0ffbfdf6d8c04f20",
                "fld.gz:md5,e3c2bfbe606a5bcdf479e7ae16344759",
                "meta_info.json:md5,d796cb318542e30678d53eb3ac3d49b4",
                "observed_bias.gz:md5,92bcd0592d22a6a58d0360fc76103e56",
                "observed_bias_3p.gz:md5,92bcd0592d22a6a58d0360fc76103e56",
                "cmd_info.json:md5,32c53d578218afa7257a73b22220f946",
                "flenDist.txt:md5,86ae2a828ee1c38a98788b3b1d486f85",
                "lib_format_counts.json:md5,a3c8033f0d0bbacdab2d45bb91a98737",
                "salmon_quant.log:md5,7d92dfa16c9c752f45aee95410f15bc9",
                "quant.genes.sf:md5,c6233373919090f6dbfbcbc5dbf57028",
                "quant.sf:md5,139a60ef16238dadf12191a63d518ac1",
                "WT_REP1_lib_format_counts.json:md5,a3c8033f0d0bbacdab2d45bb91a98737",
                "WT_REP1_meta_info.json:md5,d796cb318542e30678d53eb3ac3d49b4",
                "ambig_info.tsv:md5,2851d7cafef6645024b0a621f1cc1d33",
                "expected_bias.gz:md5,3407f87245d0003e0ffbfdf6d8c04f20",
                "fld.gz:md5,d071a8ed0a4d39cb61b3ea5115d4904d",
                "meta_info.json:md5,6d1dd576a6caae9ce6e12a0751b4345e",
                "observed_bias.gz:md5,92bcd0592d22a6a58d0360fc76103e56",
                "observed_bias_3p.gz:md5,92bcd0592d22a6a58d0360fc76103e56",
                "cmd_info.json:md5,0f6d3f44527a75cc8ab1383ce569b2f3",
                "flenDist.txt:md5,10875653300dcce3838b793db1f9757e",
                "lib_format_counts.json:md5,538210e5c2d13606e0ec539e5bd1f222",
                "salmon_quant.log:md5,7d3c9e3a3a7da99d672a3979e9e38e2b",
                "quant.genes.sf:md5,e2ecb395863a35470dced853f508c7d0",
                "quant.sf:md5,7529168ed46a61bfe247db2a1c182c98",
                "WT_REP2_lib_format_counts.json:md5,538210e5c2d13606e0ec539e5bd1f222",
                "WT_REP2_meta_info.json:md5,6d1dd576a6caae9ce6e12a0751b4345e",
                "complete_ref_lens.bin:md5,d32e9c48320cc12deefa4a0681783143",
                "ctable.bin:md5,c7bd6e98ca3efa50b793881abc8e772f",
                "ctg_offsets.bin:md5,83adc1145cddfdd5649d0a239c3c7ab1",
                "duplicate_clusters.tsv:md5,51b5292e3a874119c0e1aa566e95d70c",
                "info.json:md5,8b741a7d07981364ae2125d842ccaa2e",
                "mphf.bin:md5,8c26cf8c0379427af5b793b8bf942150",
                "pos.bin:md5,4bbcb512696bd49ea155d5af81702317",
                "pre_indexing.log:md5,7cd0052bd59ad54532b223393922a3da",
                "rank.bin:md5,6f8627168411a41e9cf6d4335f5f9a62",
                "refAccumLengths.bin:md5,c0d925eb74b94a898aeb328f56173138",
                "ref_indexing.log:md5,56f47708f78154521f389bc5887d6f41",
                "reflengths.bin:md5,d32e9c48320cc12deefa4a0681783143",
                "refseq.bin:md5,e50178ee2e65dcf25b3e90593002398d",
                "seq.bin:md5,8223d2d220bf119d7e4341cff39841fb",
                "versionInfo.json:md5,d2c799050e81aa6e282ac8a73e773941",
                "bulkrnaseqde.gene_counts.tsv:md5,3abddce67b2159303aaf96358fdfff3e",
                "bulkrnaseqde.gene_counts_length_scaled.tsv:md5,10a6d2186b120510549e8d27272c6537",
                "bulkrnaseqde.gene_counts_scaled.tsv:md5,0aebfb7aaaead00bf230c959d18131e4",
                "bulkrnaseqde.gene_lengths.tsv:md5,9032f5adbe8bada82acb49f99c8fdd40",
                "bulkrnaseqde.gene_tpm.tsv:md5,baa8b5d9fbc57ceb9739f0c9db26e149",
                "bulkrnaseqde.transcript_counts.tsv:md5,0a03df8fced81f60f1a6d32ebf39ec19",
                "bulkrnaseqde.transcript_lengths.tsv:md5,ccdecdbd43f638acc09200fd44eca9f2",
                "bulkrnaseqde.transcript_tpm.tsv:md5,1a7ebf420967d948c1e10d56de892a6b",
                "bulkrnaseqde.tx2gene_augmented.tsv:md5,0e2418a69d2eba45097ebffc2f700bfe"
            ]
        ],
        "timestamp": "2026-07-07T18:29:01.063298408",
        "meta": {
            "nf-test": "0.9.5",
            "nextflow": "26.04.4"
        }
    }
}