{
    "-profile test": {
        "content": [
            {
                "CUSTOM_TX2GENE": {
                    "python": "3.10.4"
                },
                "FASTP": {
                    "fastp": "1.1.0"
                },
                "FASTQC": {
                    "fastqc": "0.12.1"
                },
                "GUNZIP": {
                    "gunzip": 1.13
                },
                "SALMON_INDEX": {
                    "salmon": "1.10.3"
                },
                "SALMON_QUANT": {
                    "salmon": "1.10.3"
                },
                "TXIMETA_TXIMPORT": {
                    "bioconductor-tximeta": "1.20.1"
                },
                "Workflow": {
                    "phronexis/bulkrnaseqde": "v1.0.0dev"
                }
            },
            [
                "custom",
                "custom/gtf.tx2gene.tsv",
                "fastp",
                "fastp/RAP1_IAA_30M_REP1.fastp.html",
                "fastp/RAP1_IAA_30M_REP1.fastp.json",
                "fastp/RAP1_IAA_30M_REP1.fastp.log",
                "fastp/RAP1_IAA_30M_REP1_R1.fastp.fastq.gz",
                "fastp/RAP1_IAA_30M_REP1_R2.fastp.fastq.gz",
                "fastp/WT_REP1.fastp.html",
                "fastp/WT_REP1.fastp.json",
                "fastp/WT_REP1.fastp.log",
                "fastp/WT_REP1_R1.fastp.fastq.gz",
                "fastp/WT_REP1_R2.fastp.fastq.gz",
                "fastp/WT_REP2.fastp.html",
                "fastp/WT_REP2.fastp.json",
                "fastp/WT_REP2.fastp.log",
                "fastp/WT_REP2_R1.fastp.fastq.gz",
                "fastp/WT_REP2_R2.fastp.fastq.gz",
                "fastqc",
                "fastqc/RAP1_IAA_30M_REP1_1_fastqc.html",
                "fastqc/RAP1_IAA_30M_REP1_1_fastqc.zip",
                "fastqc/RAP1_IAA_30M_REP1_2_fastqc.html",
                "fastqc/RAP1_IAA_30M_REP1_2_fastqc.zip",
                "fastqc/WT_REP1_1_fastqc.html",
                "fastqc/WT_REP1_1_fastqc.zip",
                "fastqc/WT_REP1_2_fastqc.html",
                "fastqc/WT_REP1_2_fastqc.zip",
                "fastqc/WT_REP2_1_fastqc.html",
                "fastqc/WT_REP2_1_fastqc.zip",
                "fastqc/WT_REP2_2_fastqc.html",
                "fastqc/WT_REP2_2_fastqc.zip",
                "gunzip",
                "gunzip/genes.gtf",
                "multiqc",
                "multiqc/multiqc_data",
                "multiqc/multiqc_data/fastp-insert-size-plot.txt",
                "multiqc/multiqc_data/fastp-seq-content-gc-plot_Read_1_After_filtering.txt",
                "multiqc/multiqc_data/fastp-seq-content-gc-plot_Read_1_Before_filtering.txt",
                "multiqc/multiqc_data/fastp-seq-content-gc-plot_Read_2_After_filtering.txt",
                "multiqc/multiqc_data/fastp-seq-content-gc-plot_Read_2_Before_filtering.txt",
                "multiqc/multiqc_data/fastp-seq-content-n-plot_Read_1_After_filtering.txt",
                "multiqc/multiqc_data/fastp-seq-content-n-plot_Read_1_Before_filtering.txt",
                "multiqc/multiqc_data/fastp-seq-content-n-plot_Read_2_After_filtering.txt",
                "multiqc/multiqc_data/fastp-seq-content-n-plot_Read_2_Before_filtering.txt",
                "multiqc/multiqc_data/fastp-seq-quality-plot_Read_1_After_filtering.txt",
                "multiqc/multiqc_data/fastp-seq-quality-plot_Read_1_Before_filtering.txt",
                "multiqc/multiqc_data/fastp-seq-quality-plot_Read_2_After_filtering.txt",
                "multiqc/multiqc_data/fastp-seq-quality-plot_Read_2_Before_filtering.txt",
                "multiqc/multiqc_data/fastp_filtered_reads_plot.txt",
                "multiqc/multiqc_data/fastqc-status-check-heatmap.txt",
                "multiqc/multiqc_data/fastqc_adapter_content_plot.txt",
                "multiqc/multiqc_data/fastqc_overrepresented_sequences_plot.txt",
                "multiqc/multiqc_data/fastqc_per_base_n_content_plot.txt",
                "multiqc/multiqc_data/fastqc_per_base_sequence_quality_plot.txt",
                "multiqc/multiqc_data/fastqc_per_sequence_gc_content_plot_Counts.txt",
                "multiqc/multiqc_data/fastqc_per_sequence_gc_content_plot_Percentages.txt",
                "multiqc/multiqc_data/fastqc_per_sequence_quality_scores_plot.txt",
                "multiqc/multiqc_data/fastqc_sequence_counts_plot.txt",
                "multiqc/multiqc_data/fastqc_sequence_duplication_levels_plot.txt",
                "multiqc/multiqc_data/fastqc_top_overrepresented_sequences_table.txt",
                "multiqc/multiqc_data/llms-full.txt",
                "multiqc/multiqc_data/multiqc.log",
                "multiqc/multiqc_data/multiqc.parquet",
                "multiqc/multiqc_data/multiqc_citations.txt",
                "multiqc/multiqc_data/multiqc_data.json",
                "multiqc/multiqc_data/multiqc_fastp.txt",
                "multiqc/multiqc_data/multiqc_fastqc.txt",
                "multiqc/multiqc_data/multiqc_general_stats.txt",
                "multiqc/multiqc_data/multiqc_software_versions.txt",
                "multiqc/multiqc_data/multiqc_sources.txt",
                "multiqc/multiqc_plots",
                "multiqc/multiqc_plots/pdf",
                "multiqc/multiqc_plots/pdf/fastp-insert-size-plot.pdf",
                "multiqc/multiqc_plots/pdf/fastp-seq-content-gc-plot_Read_1_After_filtering.pdf",
                "multiqc/multiqc_plots/pdf/fastp-seq-content-gc-plot_Read_1_Before_filtering.pdf",
                "multiqc/multiqc_plots/pdf/fastp-seq-content-gc-plot_Read_2_After_filtering.pdf",
                "multiqc/multiqc_plots/pdf/fastp-seq-content-gc-plot_Read_2_Before_filtering.pdf",
                "multiqc/multiqc_plots/pdf/fastp-seq-content-n-plot_Read_1_After_filtering.pdf",
                "multiqc/multiqc_plots/pdf/fastp-seq-content-n-plot_Read_1_Before_filtering.pdf",
                "multiqc/multiqc_plots/pdf/fastp-seq-content-n-plot_Read_2_After_filtering.pdf",
                "multiqc/multiqc_plots/pdf/fastp-seq-content-n-plot_Read_2_Before_filtering.pdf",
                "multiqc/multiqc_plots/pdf/fastp-seq-quality-plot_Read_1_After_filtering.pdf",
                "multiqc/multiqc_plots/pdf/fastp-seq-quality-plot_Read_1_Before_filtering.pdf",
                "multiqc/multiqc_plots/pdf/fastp-seq-quality-plot_Read_2_After_filtering.pdf",
                "multiqc/multiqc_plots/pdf/fastp-seq-quality-plot_Read_2_Before_filtering.pdf",
                "multiqc/multiqc_plots/pdf/fastp_filtered_reads_plot-cnt.pdf",
                "multiqc/multiqc_plots/pdf/fastp_filtered_reads_plot-pct.pdf",
                "multiqc/multiqc_plots/pdf/fastqc-status-check-heatmap.pdf",
                "multiqc/multiqc_plots/pdf/fastqc_adapter_content_plot.pdf",
                "multiqc/multiqc_plots/pdf/fastqc_overrepresented_sequences_plot.pdf",
                "multiqc/multiqc_plots/pdf/fastqc_per_base_n_content_plot.pdf",
                "multiqc/multiqc_plots/pdf/fastqc_per_base_sequence_quality_plot.pdf",
                "multiqc/multiqc_plots/pdf/fastqc_per_sequence_gc_content_plot_Counts.pdf",
                "multiqc/multiqc_plots/pdf/fastqc_per_sequence_gc_content_plot_Percentages.pdf",
                "multiqc/multiqc_plots/pdf/fastqc_per_sequence_quality_scores_plot.pdf",
                "multiqc/multiqc_plots/pdf/fastqc_sequence_counts_plot-cnt.pdf",
                "multiqc/multiqc_plots/pdf/fastqc_sequence_counts_plot-pct.pdf",
                "multiqc/multiqc_plots/pdf/fastqc_sequence_duplication_levels_plot.pdf",
                "multiqc/multiqc_plots/pdf/fastqc_top_overrepresented_sequences_table.pdf",
                "multiqc/multiqc_plots/png",
                "multiqc/multiqc_plots/png/fastp-insert-size-plot.png",
                "multiqc/multiqc_plots/png/fastp-seq-content-gc-plot_Read_1_After_filtering.png",
                "multiqc/multiqc_plots/png/fastp-seq-content-gc-plot_Read_1_Before_filtering.png",
                "multiqc/multiqc_plots/png/fastp-seq-content-gc-plot_Read_2_After_filtering.png",
                "multiqc/multiqc_plots/png/fastp-seq-content-gc-plot_Read_2_Before_filtering.png",
                "multiqc/multiqc_plots/png/fastp-seq-content-n-plot_Read_1_After_filtering.png",
                "multiqc/multiqc_plots/png/fastp-seq-content-n-plot_Read_1_Before_filtering.png",
                "multiqc/multiqc_plots/png/fastp-seq-content-n-plot_Read_2_After_filtering.png",
                "multiqc/multiqc_plots/png/fastp-seq-content-n-plot_Read_2_Before_filtering.png",
                "multiqc/multiqc_plots/png/fastp-seq-quality-plot_Read_1_After_filtering.png",
                "multiqc/multiqc_plots/png/fastp-seq-quality-plot_Read_1_Before_filtering.png",
                "multiqc/multiqc_plots/png/fastp-seq-quality-plot_Read_2_After_filtering.png",
                "multiqc/multiqc_plots/png/fastp-seq-quality-plot_Read_2_Before_filtering.png",
                "multiqc/multiqc_plots/png/fastp_filtered_reads_plot-cnt.png",
                "multiqc/multiqc_plots/png/fastp_filtered_reads_plot-pct.png",
                "multiqc/multiqc_plots/png/fastqc-status-check-heatmap.png",
                "multiqc/multiqc_plots/png/fastqc_adapter_content_plot.png",
                "multiqc/multiqc_plots/png/fastqc_overrepresented_sequences_plot.png",
                "multiqc/multiqc_plots/png/fastqc_per_base_n_content_plot.png",
                "multiqc/multiqc_plots/png/fastqc_per_base_sequence_quality_plot.png",
                "multiqc/multiqc_plots/png/fastqc_per_sequence_gc_content_plot_Counts.png",
                "multiqc/multiqc_plots/png/fastqc_per_sequence_gc_content_plot_Percentages.png",
                "multiqc/multiqc_plots/png/fastqc_per_sequence_quality_scores_plot.png",
                "multiqc/multiqc_plots/png/fastqc_sequence_counts_plot-cnt.png",
                "multiqc/multiqc_plots/png/fastqc_sequence_counts_plot-pct.png",
                "multiqc/multiqc_plots/png/fastqc_sequence_duplication_levels_plot.png",
                "multiqc/multiqc_plots/png/fastqc_top_overrepresented_sequences_table.png",
                "multiqc/multiqc_plots/svg",
                "multiqc/multiqc_plots/svg/fastp-insert-size-plot.svg",
                "multiqc/multiqc_plots/svg/fastp-seq-content-gc-plot_Read_1_After_filtering.svg",
                "multiqc/multiqc_plots/svg/fastp-seq-content-gc-plot_Read_1_Before_filtering.svg",
                "multiqc/multiqc_plots/svg/fastp-seq-content-gc-plot_Read_2_After_filtering.svg",
                "multiqc/multiqc_plots/svg/fastp-seq-content-gc-plot_Read_2_Before_filtering.svg",
                "multiqc/multiqc_plots/svg/fastp-seq-content-n-plot_Read_1_After_filtering.svg",
                "multiqc/multiqc_plots/svg/fastp-seq-content-n-plot_Read_1_Before_filtering.svg",
                "multiqc/multiqc_plots/svg/fastp-seq-content-n-plot_Read_2_After_filtering.svg",
                "multiqc/multiqc_plots/svg/fastp-seq-content-n-plot_Read_2_Before_filtering.svg",
                "multiqc/multiqc_plots/svg/fastp-seq-quality-plot_Read_1_After_filtering.svg",
                "multiqc/multiqc_plots/svg/fastp-seq-quality-plot_Read_1_Before_filtering.svg",
                "multiqc/multiqc_plots/svg/fastp-seq-quality-plot_Read_2_After_filtering.svg",
                "multiqc/multiqc_plots/svg/fastp-seq-quality-plot_Read_2_Before_filtering.svg",
                "multiqc/multiqc_plots/svg/fastp_filtered_reads_plot-cnt.svg",
                "multiqc/multiqc_plots/svg/fastp_filtered_reads_plot-pct.svg",
                "multiqc/multiqc_plots/svg/fastqc-status-check-heatmap.svg",
                "multiqc/multiqc_plots/svg/fastqc_adapter_content_plot.svg",
                "multiqc/multiqc_plots/svg/fastqc_overrepresented_sequences_plot.svg",
                "multiqc/multiqc_plots/svg/fastqc_per_base_n_content_plot.svg",
                "multiqc/multiqc_plots/svg/fastqc_per_base_sequence_quality_plot.svg",
                "multiqc/multiqc_plots/svg/fastqc_per_sequence_gc_content_plot_Counts.svg",
                "multiqc/multiqc_plots/svg/fastqc_per_sequence_gc_content_plot_Percentages.svg",
                "multiqc/multiqc_plots/svg/fastqc_per_sequence_quality_scores_plot.svg",
                "multiqc/multiqc_plots/svg/fastqc_sequence_counts_plot-cnt.svg",
                "multiqc/multiqc_plots/svg/fastqc_sequence_counts_plot-pct.svg",
                "multiqc/multiqc_plots/svg/fastqc_sequence_duplication_levels_plot.svg",
                "multiqc/multiqc_plots/svg/fastqc_top_overrepresented_sequences_table.svg",
                "multiqc/multiqc_report.html",
                "pipeline_info",
                "pipeline_info/bulkrnaseqde_software_mqc_versions.yml",
                "salmon",
                "salmon/RAP1_IAA_30M_REP1",
                "salmon/RAP1_IAA_30M_REP1/aux_info",
                "salmon/RAP1_IAA_30M_REP1/aux_info/ambig_info.tsv",
                "salmon/RAP1_IAA_30M_REP1/aux_info/expected_bias.gz",
                "salmon/RAP1_IAA_30M_REP1/aux_info/fld.gz",
                "salmon/RAP1_IAA_30M_REP1/aux_info/meta_info.json",
                "salmon/RAP1_IAA_30M_REP1/aux_info/observed_bias.gz",
                "salmon/RAP1_IAA_30M_REP1/aux_info/observed_bias_3p.gz",
                "salmon/RAP1_IAA_30M_REP1/cmd_info.json",
                "salmon/RAP1_IAA_30M_REP1/libParams",
                "salmon/RAP1_IAA_30M_REP1/libParams/flenDist.txt",
                "salmon/RAP1_IAA_30M_REP1/lib_format_counts.json",
                "salmon/RAP1_IAA_30M_REP1/logs",
                "salmon/RAP1_IAA_30M_REP1/logs/salmon_quant.log",
                "salmon/RAP1_IAA_30M_REP1/quant.genes.sf",
                "salmon/RAP1_IAA_30M_REP1/quant.sf",
                "salmon/RAP1_IAA_30M_REP1_lib_format_counts.json",
                "salmon/RAP1_IAA_30M_REP1_meta_info.json",
                "salmon/WT_REP1",
                "salmon/WT_REP1/aux_info",
                "salmon/WT_REP1/aux_info/ambig_info.tsv",
                "salmon/WT_REP1/aux_info/expected_bias.gz",
                "salmon/WT_REP1/aux_info/fld.gz",
                "salmon/WT_REP1/aux_info/meta_info.json",
                "salmon/WT_REP1/aux_info/observed_bias.gz",
                "salmon/WT_REP1/aux_info/observed_bias_3p.gz",
                "salmon/WT_REP1/cmd_info.json",
                "salmon/WT_REP1/libParams",
                "salmon/WT_REP1/libParams/flenDist.txt",
                "salmon/WT_REP1/lib_format_counts.json",
                "salmon/WT_REP1/logs",
                "salmon/WT_REP1/logs/salmon_quant.log",
                "salmon/WT_REP1/quant.genes.sf",
                "salmon/WT_REP1/quant.sf",
                "salmon/WT_REP1_lib_format_counts.json",
                "salmon/WT_REP1_meta_info.json",
                "salmon/WT_REP2",
                "salmon/WT_REP2/aux_info",
                "salmon/WT_REP2/aux_info/ambig_info.tsv",
                "salmon/WT_REP2/aux_info/expected_bias.gz",
                "salmon/WT_REP2/aux_info/fld.gz",
                "salmon/WT_REP2/aux_info/meta_info.json",
                "salmon/WT_REP2/aux_info/observed_bias.gz",
                "salmon/WT_REP2/aux_info/observed_bias_3p.gz",
                "salmon/WT_REP2/cmd_info.json",
                "salmon/WT_REP2/libParams",
                "salmon/WT_REP2/libParams/flenDist.txt",
                "salmon/WT_REP2/lib_format_counts.json",
                "salmon/WT_REP2/logs",
                "salmon/WT_REP2/logs/salmon_quant.log",
                "salmon/WT_REP2/quant.genes.sf",
                "salmon/WT_REP2/quant.sf",
                "salmon/WT_REP2_lib_format_counts.json",
                "salmon/WT_REP2_meta_info.json",
                "salmon/salmon",
                "salmon/salmon/complete_ref_lens.bin",
                "salmon/salmon/ctable.bin",
                "salmon/salmon/ctg_offsets.bin",
                "salmon/salmon/duplicate_clusters.tsv",
                "salmon/salmon/info.json",
                "salmon/salmon/mphf.bin",
                "salmon/salmon/pos.bin",
                "salmon/salmon/pre_indexing.log",
                "salmon/salmon/rank.bin",
                "salmon/salmon/refAccumLengths.bin",
                "salmon/salmon/ref_indexing.log",
                "salmon/salmon/reflengths.bin",
                "salmon/salmon/refseq.bin",
                "salmon/salmon/seq.bin",
                "salmon/salmon/versionInfo.json",
                "tximeta",
                "tximeta/bulkrnaseqde.gene_counts.tsv",
                "tximeta/bulkrnaseqde.gene_counts_length_scaled.tsv",
                "tximeta/bulkrnaseqde.gene_counts_scaled.tsv",
                "tximeta/bulkrnaseqde.gene_lengths.tsv",
                "tximeta/bulkrnaseqde.gene_tpm.tsv",
                "tximeta/bulkrnaseqde.transcript_counts.tsv",
                "tximeta/bulkrnaseqde.transcript_lengths.tsv",
                "tximeta/bulkrnaseqde.transcript_tpm.tsv",
                "tximeta/bulkrnaseqde.tx2gene_augmented.tsv"
            ],
            [
                "RAP1_IAA_30M_REP1.fastp.json:md5,c986ee062063c865afff50b96f810e77",
                "RAP1_IAA_30M_REP1_R1.fastp.fastq.gz:md5,74794e058e15766bd3836abc53eeb2ee",
                "RAP1_IAA_30M_REP1_R2.fastp.fastq.gz:md5,a3101f747d28f074da5fbc726e4b7f92",
                "WT_REP1.fastp.json:md5,67f25bfeef7c16f6eed78ad22703ff77",
                "WT_REP1_R1.fastp.fastq.gz:md5,4a32ead7f5ac1f5b1059e4239529033b",
                "WT_REP1_R2.fastp.fastq.gz:md5,255e4699951a714279cc1fb7c5bc9580",
                "WT_REP2.fastp.json:md5,cfc17724224ef508bf744071b0f82e6b",
                "WT_REP2_R1.fastp.fastq.gz:md5,74953ef463b25bd8bdbb774d44d2c3d4",
                "WT_REP2_R2.fastp.fastq.gz:md5,534c4c91def95053378318a0f1ee4d5e",
                "genes.gtf:md5,f248c3bd0ed7d362da273417237da3b3",
                "fastp-insert-size-plot.txt:md5,e2ce1cd9b207c3ec4cd1579fd48609e0",
                "fastp-seq-content-gc-plot_Read_1_After_filtering.txt:md5,9f90f705b40cac10d2c60b8091d6dab9",
                "fastp-seq-content-gc-plot_Read_1_Before_filtering.txt:md5,ac3faf3fcae1df3db0fd0d128cdc0895",
                "fastp-seq-content-gc-plot_Read_2_After_filtering.txt:md5,1e66ef2ff473891d53b0fa2606d77c2e",
                "fastp-seq-content-gc-plot_Read_2_Before_filtering.txt:md5,128e5602a2120a361094e475b2c9894c",
                "fastp-seq-content-n-plot_Read_1_After_filtering.txt:md5,7db7edfc1bb856add112a780d5b9f1ff",
                "fastp-seq-content-n-plot_Read_1_Before_filtering.txt:md5,0ee0b86039c5f34325bc677d3473cb0c",
                "fastp-seq-content-n-plot_Read_2_After_filtering.txt:md5,2d21734a551ecf5bfba0a39872e66f41",
                "fastp-seq-content-n-plot_Read_2_Before_filtering.txt:md5,31f6af08345631ee8e4f8c68216e3cd8",
                "fastp-seq-quality-plot_Read_1_After_filtering.txt:md5,19c0f05c8ec5d4f4347fd595da7b48f2",
                "fastp-seq-quality-plot_Read_1_Before_filtering.txt:md5,11fbccda4dd6af414a69792b70414e2f",
                "fastp-seq-quality-plot_Read_2_After_filtering.txt:md5,6ebcc126f538b6018dd59b61c1fb34e0",
                "fastp-seq-quality-plot_Read_2_Before_filtering.txt:md5,eb34e624650177a602b4a49bf9b7fdfd",
                "fastp_filtered_reads_plot.txt:md5,972416e38737c5225c1d2c9048a50658",
                "fastqc-status-check-heatmap.txt:md5,142bc48d4f21a0919bf12fece84158e6",
                "fastqc_adapter_content_plot.txt:md5,1bafc705e20909136dad8dc3dbf7f3cb",
                "fastqc_overrepresented_sequences_plot.txt:md5,851c27aa2edc5b04ab5e07358c52635f",
                "fastqc_per_base_n_content_plot.txt:md5,f0c614cd7290dd00ad9141bead13c1fe",
                "fastqc_per_base_sequence_quality_plot.txt:md5,67531827128885062172a164d943f853",
                "fastqc_per_sequence_gc_content_plot_Counts.txt:md5,e2030eddcbd54470812716968193cf1a",
                "fastqc_per_sequence_gc_content_plot_Percentages.txt:md5,a759a1e057fc421a34046d94a73376ef",
                "fastqc_per_sequence_quality_scores_plot.txt:md5,a76f8a72c7cac07df84430405da29b57",
                "fastqc_sequence_counts_plot.txt:md5,bd7cbb822e66990862e7660793a0bf76",
                "fastqc_sequence_duplication_levels_plot.txt:md5,25f78c0c77cf9dd872d48c16e98af586",
                "fastqc_top_overrepresented_sequences_table.txt:md5,666bcf99ed284fa2c0ee128870b1f757",
                "llms-full.txt:md5,ec61f2d93ccc1be652c5a9f5ab08f2e6",
                "multiqc.parquet:md5,05fa454031cf2f0f893da1c98fdb68a9",
                "multiqc_citations.txt:md5,d35df50e9903a96a2b3bce3c1fbc8ad2",
                "multiqc_data.json:md5,79ff0961d816167dbc04647d1483dce6",
                "multiqc_fastp.txt:md5,4a5f405477055bc54fc49c4c405ab6df",
                "multiqc_fastqc.txt:md5,a59709938a1c4a72a0d05405f0d85d08",
                "multiqc_general_stats.txt:md5,3b4bc96eef4ade854694a0bf619843a5",
                "multiqc_software_versions.txt:md5,b5a52ffaabaea723f0d108233556e671",
                "multiqc_sources.txt:md5,a9cf7b9670c302095018a42f26ff835a",
                "fastp-insert-size-plot.pdf:md5,312fdf761058498ca6bbe3bee4e7750f",
                "fastp-seq-content-gc-plot_Read_1_After_filtering.pdf:md5,7349466f7563c6430acef00309a7c732",
                "fastp-seq-content-gc-plot_Read_1_Before_filtering.pdf:md5,b44fa1a7fd3d496f5d51efc519732af7",
                "fastp-seq-content-gc-plot_Read_2_After_filtering.pdf:md5,7a0b95338e82c5a0a025ede4518dd03b",
                "fastp-seq-content-gc-plot_Read_2_Before_filtering.pdf:md5,6a68403761d94590a12e5bec800e662e",
                "fastp-seq-content-n-plot_Read_1_After_filtering.pdf:md5,67fd8f8754f48b934c344673e8f6abb1",
                "fastp-seq-content-n-plot_Read_1_Before_filtering.pdf:md5,9cecad6a15dca379e0b4b02f12de021e",
                "fastp-seq-content-n-plot_Read_2_After_filtering.pdf:md5,b1fa30044729623edc018dc321206208",
                "fastp-seq-content-n-plot_Read_2_Before_filtering.pdf:md5,fcabf15d1ed96a34931f7d9d487e61ed",
                "fastp-seq-quality-plot_Read_1_After_filtering.pdf:md5,2bd1d2be6f70a100abbc9972dde808a2",
                "fastp-seq-quality-plot_Read_1_Before_filtering.pdf:md5,bec8679a429bb4731b9c0aa099a8f60b",
                "fastp-seq-quality-plot_Read_2_After_filtering.pdf:md5,0bc43f17452891df2f442e41f734d90f",
                "fastp-seq-quality-plot_Read_2_Before_filtering.pdf:md5,0a170e7b12d007f2a2867e49355b638a",
                "fastp_filtered_reads_plot-cnt.pdf:md5,68dbf00eb3a09c36c4e1b4a0d8580c3e",
                "fastp_filtered_reads_plot-pct.pdf:md5,c32c5008f9c4070ddc87fc9f3cff3acb",
                "fastqc-status-check-heatmap.pdf:md5,546c0aa3b721f39bfb66af645fcdb8cf",
                "fastqc_adapter_content_plot.pdf:md5,6a6c50385810ec300cf5669a9d8a6dda",
                "fastqc_overrepresented_sequences_plot.pdf:md5,d01f283fe40c49b1d1e8079e9481350b",
                "fastqc_per_base_n_content_plot.pdf:md5,aff2b7c2752eb938524b6ecc5cad8060",
                "fastqc_per_base_sequence_quality_plot.pdf:md5,7c4e0e27786e1afb9f1cf3637fa03a66",
                "fastqc_per_sequence_gc_content_plot_Counts.pdf:md5,01ada321a4b912b9d660e4dcba41e9d9",
                "fastqc_per_sequence_gc_content_plot_Percentages.pdf:md5,54125dc8fa898ae09f75ec3e6b819ea4",
                "fastqc_per_sequence_quality_scores_plot.pdf:md5,f8697425969873a1cb7f72bfaa8de77a",
                "fastqc_sequence_counts_plot-cnt.pdf:md5,4af700fd07ecc1b199a063ac8f0e8e93",
                "fastqc_sequence_counts_plot-pct.pdf:md5,01fa6b86149796e76dea1fc10b4c1380",
                "fastqc_sequence_duplication_levels_plot.pdf:md5,92d73c9473f11445fe4d4a546fdf09c5",
                "fastqc_top_overrepresented_sequences_table.pdf:md5,bb35af7e829082862d0d166098cd81fc",
                "fastp-insert-size-plot.png:md5,7a3f6115253d4a0313778c71555c2349",
                "fastp-seq-content-gc-plot_Read_1_After_filtering.png:md5,8fd2bbe826622853bbb06fad5952bd17",
                "fastp-seq-content-gc-plot_Read_1_Before_filtering.png:md5,812fa69931a6f916951c7e63729c16ab",
                "fastp-seq-content-gc-plot_Read_2_After_filtering.png:md5,be3806ed9015c2e1c258b57f935c37df",
                "fastp-seq-content-gc-plot_Read_2_Before_filtering.png:md5,e74de37490dc82936d784a1b1592d8cb",
                "fastp-seq-content-n-plot_Read_1_After_filtering.png:md5,2bc92f0baae5e37a7798ddfe7a812b6f",
                "fastp-seq-content-n-plot_Read_1_Before_filtering.png:md5,3148e675a7a50977b55fd76ea6597c8b",
                "fastp-seq-content-n-plot_Read_2_After_filtering.png:md5,179680c6d3a16c14124cd1ac940799f3",
                "fastp-seq-content-n-plot_Read_2_Before_filtering.png:md5,268b6d2663331afc9e285a95d021bbf7",
                "fastp-seq-quality-plot_Read_1_After_filtering.png:md5,c4882fbe33037bf76bdcba4eb1f9cfba",
                "fastp-seq-quality-plot_Read_1_Before_filtering.png:md5,f8074428c511f2a4239680e7574a3b66",
                "fastp-seq-quality-plot_Read_2_After_filtering.png:md5,66a7cc24bc04c712d01dd52aa6eb7ab2",
                "fastp-seq-quality-plot_Read_2_Before_filtering.png:md5,ade545a770b21492383bad40c598718f",
                "fastp_filtered_reads_plot-cnt.png:md5,40a4570f00128dc55132ec6db8284870",
                "fastp_filtered_reads_plot-pct.png:md5,e4107a6e4b114f87d74e4f988babc794",
                "fastqc-status-check-heatmap.png:md5,5386f53cc3e8c35c713afc5d55fa231d",
                "fastqc_adapter_content_plot.png:md5,ab96bfc4b12360b6bb9fc2af45436b4b",
                "fastqc_overrepresented_sequences_plot.png:md5,177b9dc5ed4aff83b6b491ee497e1500",
                "fastqc_per_base_n_content_plot.png:md5,487944a1ce165c3b057425115cbcf4d9",
                "fastqc_per_base_sequence_quality_plot.png:md5,0994a39371625f261b46f045f3670192",
                "fastqc_per_sequence_gc_content_plot_Counts.png:md5,5abe2698d8296332ea8b5bb70aac944f",
                "fastqc_per_sequence_gc_content_plot_Percentages.png:md5,843c13695ed9de23cf30741dd2881ab4",
                "fastqc_per_sequence_quality_scores_plot.png:md5,9f2a23b54472653b5db7705b64101192",
                "fastqc_sequence_counts_plot-cnt.png:md5,6f15c75ba73d0791f0af1d8e5e873cf5",
                "fastqc_sequence_counts_plot-pct.png:md5,4b838cb092b8f272632c896dad2464da",
                "fastqc_sequence_duplication_levels_plot.png:md5,b1919116141e32ea76009d47a1cd0b5c",
                "fastqc_top_overrepresented_sequences_table.png:md5,761686b9a0952a322d81383db62c9438",
                "fastp-insert-size-plot.svg:md5,2daaffc26876889002f61eb1b06f7238",
                "fastp-seq-content-gc-plot_Read_1_After_filtering.svg:md5,11d69a66230d7ecd91bf27d2d6e658a5",
                "fastp-seq-content-gc-plot_Read_1_Before_filtering.svg:md5,e5544eae6c6546a0f26bd9a360563279",
                "fastp-seq-content-gc-plot_Read_2_After_filtering.svg:md5,b92a9c156ed01839829d442cda453933",
                "fastp-seq-content-gc-plot_Read_2_Before_filtering.svg:md5,25741c71cce3fb8e30b5769193b145bd",
                "fastp-seq-content-n-plot_Read_1_After_filtering.svg:md5,913816938b8a9b844c42650daebd5832",
                "fastp-seq-content-n-plot_Read_1_Before_filtering.svg:md5,3dfd2218613e8c10477abbff7180dbc1",
                "fastp-seq-content-n-plot_Read_2_After_filtering.svg:md5,d9a079103b377ff11109730a2f96d761",
                "fastp-seq-content-n-plot_Read_2_Before_filtering.svg:md5,67062d63245eb2745f9647cc2afee682",
                "fastp-seq-quality-plot_Read_1_After_filtering.svg:md5,0a27e189c05124fb7c2b04ef549a5863",
                "fastp-seq-quality-plot_Read_1_Before_filtering.svg:md5,7bff69aa75f3a96cd366b66ee1383661",
                "fastp-seq-quality-plot_Read_2_After_filtering.svg:md5,8fa0878c31772868da10bcc46285ac20",
                "fastp-seq-quality-plot_Read_2_Before_filtering.svg:md5,6c727c813ac14b2b4f8e267f5f6eb303",
                "fastp_filtered_reads_plot-cnt.svg:md5,cf6a5332c22c585c6d5dfa7371acf92c",
                "fastp_filtered_reads_plot-pct.svg:md5,8eaaf20658ae86addff5fcbcbfecb4b9",
                "fastqc-status-check-heatmap.svg:md5,23644844e08b442dcddf245febdfc98d",
                "fastqc_adapter_content_plot.svg:md5,5bb4ccb2c36c5264a7501a4667c735d2",
                "fastqc_overrepresented_sequences_plot.svg:md5,80172b289335edf45a4ed9ca08bf8a15",
                "fastqc_per_base_n_content_plot.svg:md5,38eb75039d4363f45521a7a2cd6057d9",
                "fastqc_per_base_sequence_quality_plot.svg:md5,a11dc6463c87d82d08f68c615435acb0",
                "fastqc_per_sequence_gc_content_plot_Counts.svg:md5,1b62cdf1eaedee44a7644c44880cd613",
                "fastqc_per_sequence_gc_content_plot_Percentages.svg:md5,7ce6a1304525aa1688d57371bb085fea",
                "fastqc_per_sequence_quality_scores_plot.svg:md5,a0cfd13770d6bd18aec3af93e7def3ff",
                "fastqc_sequence_counts_plot-cnt.svg:md5,70baeaf58ceb977aa68140c3c8636f3d",
                "fastqc_sequence_counts_plot-pct.svg:md5,288aea52d4bfe879e0de872223cf7a38",
                "fastqc_sequence_duplication_levels_plot.svg:md5,2bc0c9951ebe4a9d2b6353465e764089",
                "fastqc_top_overrepresented_sequences_table.svg:md5,9fdac1dfd0c7ac929b100ac37699db9c",
                "cmd_info.json:md5,5a2747a7155047ee3ad396ea6e2493ce",
                "lib_format_counts.json:md5,43308eac6afe624ad578ecd72c25213a",
                "RAP1_IAA_30M_REP1_lib_format_counts.json:md5,43308eac6afe624ad578ecd72c25213a",
                "cmd_info.json:md5,32c53d578218afa7257a73b22220f946",
                "lib_format_counts.json:md5,a3c8033f0d0bbacdab2d45bb91a98737",
                "WT_REP1_lib_format_counts.json:md5,a3c8033f0d0bbacdab2d45bb91a98737",
                "cmd_info.json:md5,0f6d3f44527a75cc8ab1383ce569b2f3",
                "lib_format_counts.json:md5,538210e5c2d13606e0ec539e5bd1f222",
                "WT_REP2_lib_format_counts.json:md5,538210e5c2d13606e0ec539e5bd1f222",
                "complete_ref_lens.bin:md5,d32e9c48320cc12deefa4a0681783143",
                "duplicate_clusters.tsv:md5,51b5292e3a874119c0e1aa566e95d70c",
                "info.json:md5,8b741a7d07981364ae2125d842ccaa2e",
                "refAccumLengths.bin:md5,c0d925eb74b94a898aeb328f56173138",
                "reflengths.bin:md5,d32e9c48320cc12deefa4a0681783143",
                "refseq.bin:md5,e50178ee2e65dcf25b3e90593002398d",
                "versionInfo.json:md5,d2c799050e81aa6e282ac8a73e773941"
            ]
        ],
        "timestamp": "2026-07-07T18:47:32.619087005",
        "meta": {
            "nf-test": "0.9.5",
            "nextflow": "26.04.4"
        }
    }
}